// Jest Snapshot v1, https://goo.gl/fbAQLP

exports[`HeaderHome renders correctly 1`] = `
<header
  id="front-header"
>
  <div
    className="cover"
  />
  <div
    className="content"
  >
    <div
      class="container text-center"
    >
      <img
        alt="Our awesome conference"
        id="logo"
      />
      <h1
        class="display-4"
        dangerouslySetInnerHTML={
          Object {
            "__html": "A great conference for developers and other mystical creatures",
          }
        }
      />
      <p
        class="lead"
      />
      <p>
        100 early-bird tickets left
      </p>
      <a
        class="btn btn-primary btn-lg"
        href="https://awesome_url_for_your_ticketing_platform.com"
        role="button"
      >
        Tickets on sale!
      </a>
    </div>
  </div>
</header>
`;
